// Jest Snapshot v1, https://goo.gl/fbAQLP

exports[`components/ActionMenu when rendered with text child it should match snapshot 1`] = `
<div
  style={
    Object {
      "height": 16,
      "overflow": "visible",
      "width": 28,
    }
  }
>
  <ToggleButton
    isSelected={true}
    onClick={[MockFunction]}
    style={
      Object {
        "_extends": Object {
          "_extends": "h2Text",
          "height": 29,
          "margin": 0,
          "padding": "0px 5px",
          "width": 14,
        },
        "borderBottomLeftRadius": "0px",
        "borderBottomRightRadius": "0px",
      }
    }
  >
    ...
  </ToggleButton>
  <Popup
    isOpen={true}
    onClose={[MockFunction]}
    style={
      Object {
        "border": "solid 2px @colors.selectable",
        "borderTopRightRadius": "0px",
        "marginRight": 0,
        "minWidth": 180,
        "right": "2px",
      }
    }
  >
    this is a menu (or anything really)
  </Popup>
</div>
`;
