// Jest Snapshot v1, https://goo.gl/fbAQLP

exports[`components/AuthorCard when rendered with required props it should match snapshot (bars should be at 50%) 1`] = `
<div
  style={
    Object {
      "display": "flex",
      "flexDirection": "row",
    }
  }
>
  <Selectable
    onClick={[Function]}
    style={
      Object {
        "display": "flex",
        "fontSize": "initial",
        "padding": 10,
        "width": "100%",
      }
    }
  >
    <AuthorGravatarImage
      emails={
        Array [
          "president@galaxy.gov",
        ]
      }
    />
    <div
      style={
        Object {
          "display": "flex",
          "flexDirection": "column",
          "marginLeft": 10,
          "width": "100%",
        }
      }
    >
      <div
        style={
          Object {
            "marginBottom": 5,
          }
        }
        title="president@galaxy.gov"
      >
        Zaphod Beeblebrox
      </div>
      <div
        style={
          Object {
            "color": "#333333",
            "fontSize": 11,
            "fontWeight": "normal",
            "lineHeight": 1.35,
          }
        }
      >
        <div>
          5
          <span>
             commits spanning 
          </span>
          <EpochSpan
            firstEpochTime={132344525}
            secondEpochTime={132344555}
          />
        </div>
      </div>
      <div
        style={
          Object {
            "color": "#333333",
            "fontSize": 11,
            "fontWeight": "normal",
            "lineHeight": 1.35,
          }
        }
      >
        <span>
          Last commit 
        </span>
        <EpochSpan
          firstEpochTime={132344555}
          secondEpochTime={1539563458}
        />
        <span>
           ago
        </span>
      </div>
      <div
        style={
          Object {
            "color": "#333333",
            "fontSize": 11,
            "fontWeight": "normal",
            "lineHeight": 1.35,
          }
        }
      >
        <AddedDeleted
          linesAdded={100}
          linesDeleted={30}
          style={
            Object {
              "float": "none",
            }
          }
        />
        <span>
           lines changed 
        </span>
      </div>
    </div>
  </Selectable>
</div>
`;
