// Jest Snapshot v1, https://goo.gl/fbAQLP

exports[`components/AuthorGravatarImage when rendered with times in order it should match snapshot 1`] = `
<div
  style={
    Object {
      "display": "inline-block",
      "height": 75,
      "width": 75,
    }
  }
>
  <img
    data-for="bee.wilkerson@ymail.com"
    onError={[Function]}
    src="https://www.gravatar.com/avatar/dabecaadcb5665b6ffec0712cdd3b0c5?s=75&d=404"
    style={
      Object {
        "maxHeight": 75,
        "width": 75,
      }
    }
  />
</div>
`;
