// Jest Snapshot v1, https://goo.gl/fbAQLP

exports[`components/CommitCard when rendered with required props it should match snapshot (bars should be at 50%) 1`] = `
<div
  style={
    Object {
      "background": "#FEFEFE",
      "borderRadius": 7,
      "color": "#333333",
      "display": "block",
      "marginBottom": "7px",
      "marginRight": 0,
      "padding": 0,
    }
  }
>
  <Selectable
    onClick={[Function]}
    onDoubleClick={[Function]}
  >
    <div
      style={
        Object {
          "display": "flex",
          "flexDirection": "row",
          "fontSize": 11,
          "fontWeight": "normal",
          "lineHeight": 1.35,
          "marginBottom": "7px",
        }
      }
    >
      <EpochDateTime
        displayOptions={
          Object {
            "minute": "numeric",
            "month": "long",
          }
        }
        value={1537212012}
      />
      <span
        style={
          Object {
            "flexGrow": 1,
            "textAlign": "center",
          }
        }
      >
        408e8ce22c
      </span>
      <AddedDeleted
        linesAdded={8}
        linesDeleted={8}
      />
    </div>
    <div
      style={
        Object {
          "display": "block",
          "fontSize": 14,
          "fontWeight": "normal",
          "lineHeight": 1.35,
          "marginBottom": "7px",
          "marginLeft": 5,
        }
      }
    >
      doc: update maintaining V8 guide
    </div>
    <CommitBody
      text="Replace references to the outdated \`update-v8\` tool to its replacementin \`node-core-utils\`PR-URL: https://github.com/nodejs/node/pull/22913Reviewed-By: Richard Lau <riclau@uk.ibm.com>Reviewed-By: Colin Ihrig <cjihrig@gmail.com>Reviewed-By: Weijia Wang <starkwang@126.com>Reviewed-By: Sakthipriyan Vairamani <thechargingvolcano@gmail.com>Reviewed-By: Joyee Cheung <joyeec9h3@gmail.com>Reviewed-By: Luigi Pinca <luigipinca@gmail.com>Reviewed-By: James M Snell <jasnell@gmail.com>"
    />
    <CommitCardFiles
      files={
        Array [
          Object {
            "linesAdded": 8,
            "linesDeleted": 8,
            "name": "doc/guides/maintaining-V8.md",
          },
        ]
      }
      style={
        Object {
          "_extends": Array [
            "block",
            "normalText",
          ],
          "marginBottom": 10,
          "marginLeft": 10,
          "marginRight": 20,
        }
      }
    />
    <div
      style={
        Object {
          "display": "block",
          "fontSize": 12,
          "fontWeight": "normal",
          "lineHeight": 1.35,
          "marginBottom": "7px",
          "marginLeft": 5,
        }
      }
    >
      Authored by 
      MichaÃ«l Zasso
       
      3 days ago
    </div>
  </Selectable>
</div>
`;
