// Jest Snapshot v1, https://goo.gl/fbAQLP

exports[`components/CommitBody when rendered epoch time 1539369263 (Fri, 12 Oct 2018 18:34:23 GMT) it should match snapshot (it should have rendered a block element for each line with <br><br>") 1`] = `
<div
  style={
    Object {
      "boxShadow": "rgba(245, 245, 245, 0.5) 0px -34px 11px -18px inset",
      "color": "#333333",
      "display": "block",
      "fontSize": 13,
      "fontWeight": "normal",
      "marginBottom": 10,
      "marginLeft": 10,
      "maxHeight": 70,
      "overflow": "hidden",
      "position": "relative",
    }
  }
>
  <div
    key="0"
    style={
      Object {
        "display": "block",
        "marginBottom": 5,
      }
    }
  >
    each
  </div>
  <div
    key="1"
    style={
      Object {
        "display": "block",
        "marginBottom": 5,
      }
    }
  />
  <div
    key="2"
    style={
      Object {
        "display": "block",
        "marginBottom": 5,
      }
    }
  >
    line
  </div>
  <div
    key="3"
    style={
      Object {
        "display": "block",
        "marginBottom": 5,
      }
    }
  />
  <div
    key="4"
    style={
      Object {
        "display": "block",
        "marginBottom": 5,
      }
    }
  >
    should
  </div>
  <div
    key="5"
    style={
      Object {
        "display": "block",
        "marginBottom": 5,
      }
    }
  />
  <div
    key="6"
    style={
      Object {
        "display": "block",
        "marginBottom": 5,
      }
    }
  >
    be
  </div>
  <div
    key="7"
    style={
      Object {
        "display": "block",
        "marginBottom": 5,
      }
    }
  />
  <div
    key="8"
    style={
      Object {
        "display": "block",
        "marginBottom": 5,
      }
    }
  >
    in a span
  </div>
  <div
    key="9"
    style={
      Object {
        "display": "block",
        "marginBottom": 5,
      }
    }
  />
  <div
    key="10"
    style={
      Object {
        "display": "block",
        "marginBottom": 5,
      }
    }
  />
  <div
    style={
      Object {
        "background": "linear-gradient(#ffffff00, white)",
        "bottom": 0,
        "display": "block",
        "height": 20,
        "position": "absolute",
        "width": "100%",
      }
    }
  />
</div>
`;
