// Jest Snapshot v1, https://goo.gl/fbAQLP

exports[`components/EpochDate when rendered epoch time 1539369263 (Fri, 12 Oct 2018 18:34:23 GMT) it should match snapshot (it should have rendered "3 weeks") 1`] = `
<span
  style={Object {}}
>
  October 12, 2018
</span>
`;
