// Jest Snapshot v1, https://goo.gl/fbAQLP

exports[`components/SearchInput when rendered with value it should match snapshot 1`] = `
<div
  style={
    Object {
      "background": "white",
      "border": "1px solid lightskyblue",
      "borderRadius": 3,
      "color": "#333333",
      "cursor": "pointer",
      "display": "flex",
      "flexDirection": "row",
      "fontSize": 13,
      "fontWeight": "normal",
      "marginRight": 10,
      "padding": 5,
      "position": "relative",
      "userSelect": "none",
    }
  }
>
  <SearchIcon
    height={16}
    style={
      Object {
        "marginTop": 2,
      }
    }
    width={16}
  />
  <input
    onChange={[Function]}
    style={
      Object {
        "border": "none",
        "flexGrow": 1,
        "fontSize": 14,
        "margin": "0px 5px",
      }
    }
    type="text"
    value="test value"
  />
  <div
    onClick={[MockFunction]}
    style={
      Object {
        "color": "#333333",
        "cursor": "pointer",
        "flexGrow": 0,
        "fontSize": 11,
        "fontWeight": "normal",
        "paddingTop": 3,
      }
    }
  >
    X
  </div>
</div>
`;
