// Jest Snapshot v1, https://goo.gl/fbAQLP

exports[`components/Selectable when rendered with required props it should match snapshot (it should have rendered a label and a text element) 1`] = `
<div
  onClick={[Function]}
  onMouseLeave={[Function]}
  onMouseOver={[Function]}
  style={
    Object {
      "border": "1px solid transparent",
      "color": "#333333",
      "fontSize": 12,
      "fontWeight": "normal",
      "lineHeight": 1.35,
      "padding": 5,
    }
  }
>
  this is the a menu item
</div>
`;
