// Jest Snapshot v1, https://goo.gl/fbAQLP

exports[`components/SpinnerImage when rendered with required props it should match snapshot 1`] = `
<svg
  enableBackground="new 0 0 100 100"
  height={200}
  id="L2"
  version="1.1"
  viewBox="0 0 100 100"
  width={200}
  x="0px"
  xmlns="http://www.w3.org/2000/svg"
  y="0px"
>
  <circle
    cx="50"
    cy="50"
    fill="none"
    r="48"
    stroke="#ccc"
    strokeMiterlimit="10"
    strokeWidth="4"
  />
  <line
    fill="none"
    stroke="#ccc"
    strokeLinecap="round"
    strokeMiterlimit="10"
    strokeWidth="4"
    x1="50"
    x2="85"
    y1="50"
    y2="50.5"
  >
    <animateTransform
      attributeName="transform"
      dur="2s"
      from="360 50 50"
      repeatCount="indefinite"
      to="0 50 50"
      type="rotate"
    />
  </line>
  <line
    fill="none"
    stroke="#ccc"
    strokeLinecap="round"
    strokeMiterlimit="10"
    strokeWidth="4"
    x1="50"
    x2="49.5"
    y1="50"
    y2="74"
  >
    <animateTransform
      attributeName="transform"
      dur="15s"
      from="360 50 50"
      repeatCount="indefinite"
      to="0 50 50"
      type="rotate"
    />
  </line>
</svg>
`;
