// Jest Snapshot v1, https://goo.gl/fbAQLP

exports[`components/StackedLabelHeader when rendered with required props it should match snapshot (it should have rendered a label and a text element) 1`] = `
<StackedLabel
  label="This is the Label"
  labelStyle={
    Object {
      "fontSize": 14,
      "fontWeight": "bold",
      "lineHeight": 1.35,
      "marginBottom": 5,
      "marginRight": "15px",
    }
  }
>
  <div
    style={
      Object {
        "fontSize": 18,
        "fontWeight": "bold",
        "lineHeight": 1.35,
        "marginBottom": "15px",
        "marginRight": "15px",
      }
    }
  >
    this is the text
  </div>
</StackedLabel>
`;
