// Jest Snapshot v1, https://goo.gl/fbAQLP

exports[`components/StackedHeaderText when rendered with required props it should match snapshot (it should have rendered a label and a text element) 1`] = `
<Component
  label="This is the Label"
  labelStyle={
    Array [
      Object {
        "_extends": "h3Text",
        "marginBottom": 5,
      },
      undefined,
    ]
  }
  text="this is the text"
  textStyle={
    Array [
      Object {
        "_extends": "h2Text",
      },
      undefined,
    ]
  }
/>
`;
