// Jest Snapshot v1, https://goo.gl/fbAQLP

exports[`containers/Commits when calling mapStateToProps() it should respond with props 1`] = `
Object {
  "commits": Array [
    Object {
      "authorDate": 1537541919,
      "authorName": "Bee Wilkerson",
      "body": "",
      "files": Array [
        Object {
          "linesAdded": 2,
          "linesDeleted": 649,
          "name": "README.md",
        },
      ],
      "hash": "c698a0f01d",
      "id": "c698a0f01de1fa682443510920a2dafc2440d6c8",
      "linesAdded": 2,
      "linesDeleted": 649,
      "message": "Explain why this fork exists in README.md",
      "relativeDate": "2 days ago",
    },
    Object {
      "authorDate": 1537272890,
      "authorName": "Tobias Nießen",
      "body": "Calling setAuthTag multiple times can result in hard to detect bugssince to the user, it is unclear which invocation actually affectedOpenSSL.PR-URL: https://github.com/nodejs/node/pull/22931Reviewed-By: Anna Henningsen <anna@addaleax.net>Reviewed-By: James M Snell <jasnell@gmail.com>Reviewed-By: Ujjwal Sharma <usharma1998@gmail.com>",
      "files": Array [
        Object {
          "linesAdded": 1,
          "linesDeleted": 1,
          "name": "doc/api/crypto.md",
        },
        Object {
          "linesAdded": 2,
          "linesDeleted": 5,
          "name": "src/node_crypto.cc",
        },
        Object {
          "linesAdded": 26,
          "linesDeleted": 0,
          "name": "test/parallel/test-crypto-authenticated.js",
        },
      ],
      "hash": "058c5b81cd",
      "id": "058c5b81cdbabe8989a194ba5d388f4c230f4af6",
      "linesAdded": 29,
      "linesDeleted": 6,
      "message": "crypto: do not allow multiple calls to setAuthTag",
      "relativeDate": "2 days ago",
    },
    Object {
      "authorDate": 1526296167,
      "authorName": "Daniel Bevenius",
      "body": "This commit adds a --completion-bash option to node which can besourced to provide bash code completion for node options.Usage:$ node --completion-bash  > node_bash_completion$ source node_bash_completion$ node --[tab]PR-URL: https://github.com/nodejs/node/pull/20713Reviewed-By: Anna Henningsen <anna@addaleax.net>Reviewed-By: James M Snell <jasnell@gmail.com>Reviewed-By: Denys Otrishko <shishugi@gmail.com>",
      "files": Array [
        Object {
          "linesAdded": 11,
          "linesDeleted": 0,
          "name": "doc/api/cli.md",
        },
        Object {
          "linesAdded": 3,
          "linesDeleted": 0,
          "name": "doc/node.1",
        },
        Object {
          "linesAdded": 25,
          "linesDeleted": 0,
          "name": "lib/internal/bash_completion.js",
        },
        Object {
          "linesAdded": 7,
          "linesDeleted": 1,
          "name": "lib/internal/bootstrap/node.js",
        },
        Object {
          "linesAdded": 1,
          "linesDeleted": 0,
          "name": "node.gyp",
        },
        Object {
          "linesAdded": 3,
          "linesDeleted": 0,
          "name": "src/node_options.cc",
        },
        Object {
          "linesAdded": 1,
          "linesDeleted": 0,
          "name": "src/node_options.h",
        },
      ],
      "hash": "56493bf1eb",
      "id": "56493bf1ebfab3ec102fe017f30fa4f81ba6a256",
      "linesAdded": 51,
      "linesDeleted": 1,
      "message": "tools: add bash completion for node",
      "relativeDate": "2 days ago",
    },
    Object {
      "authorDate": 1537212012,
      "authorName": "Michaël Zasso",
      "body": "Replace references to the outdated \`update-v8\` tool to its replacementin \`node-core-utils\`PR-URL: https://github.com/nodejs/node/pull/22913Reviewed-By: Richard Lau <riclau@uk.ibm.com>Reviewed-By: Colin Ihrig <cjihrig@gmail.com>Reviewed-By: Weijia Wang <starkwang@126.com>Reviewed-By: Sakthipriyan Vairamani <thechargingvolcano@gmail.com>Reviewed-By: Joyee Cheung <joyeec9h3@gmail.com>Reviewed-By: Luigi Pinca <luigipinca@gmail.com>Reviewed-By: James M Snell <jasnell@gmail.com>",
      "files": Array [
        Object {
          "linesAdded": 8,
          "linesDeleted": 8,
          "name": "doc/guides/maintaining-V8.md",
        },
      ],
      "hash": "408e8ce22c",
      "id": "408e8ce22ce7436e88a9977b4dc99fc3c431fc67",
      "linesAdded": 8,
      "linesDeleted": 8,
      "message": "doc: update maintaining V8 guide",
      "relativeDate": "3 days ago",
    },
    Object {
      "authorDate": 1537269982,
      "authorName": "Ruben Bridgewater",
      "body": "Currently the documentation is not specific how fast-tracking shouldbe applied. This specifies exactly how things should be done to preventconfusion.PR-URL: https://github.com/nodejs/node/pull/22929Reviewed-By: Denys Otrishko <shishugi@gmail.com>Reviewed-By: Anna Henningsen <anna@addaleax.net>Reviewed-By: Tobias Nießen <tniessen@tnie.de>Reviewed-By: Vse Mozhet Byt <vsemozhetbyt@gmail.com>Reviewed-By: John-David Dalton <john.david.dalton@gmail.com>Reviewed-By: Matteo Collina <matteo.collina@gmail.com>Reviewed-By: Luigi Pinca <luigipinca@gmail.com>Reviewed-By: Michaël Zasso <targos@protonmail.com>Reviewed-By: Weijia Wang <starkwang@126.com>Reviewed-By: Richard Lau <riclau@uk.ibm.com>Reviewed-By: Matheus Marchini <mat@mmarchini.me>Reviewed-By: Sakthipriyan Vairamani <thechargingvolcano@gmail.com>Reviewed-By: Yuta Hiroto <hello@hiroppy.me>Reviewed-By: Rich Trott <rtrott@gmail.com>Reviewed-By: Trivikram Kamat <trivikr.dev@gmail.com>Reviewed-By: George Adams <george.adams@uk.ibm.com>",
      "files": Array [
        Object {
          "linesAdded": 6,
          "linesDeleted": 3,
          "name": "COLLABORATOR_GUIDE.md",
        },
      ],
      "hash": "54af9738b9",
      "id": "54af9738b9fad1c1e46ea9170037146324cd152e",
      "linesAdded": 6,
      "linesDeleted": 3,
      "message": "doc: specify fast-tracking",
      "relativeDate": "3 days ago",
    },
  ],
  "commitsContainerSort": undefined,
  "didInvalidate": undefined,
  "highlightedCommitId": undefined,
  "isFetching": false,
  "isFileSelected": false,
  "search": "",
  "selectedPath": "testPath1",
  "viewCommitsOrFiles": "commits",
}
`;

exports[`containers/Commits when rendered without props and then changing commits should render new list 1`] = `
<div
  style={
    Object {
      "backgroundColor": "white",
      "border": "1px solid whitesmoke",
      "borderRadius": 3,
      "display": "flex",
      "flexDirection": "column",
      "flexGrow": 1,
      "marginRight": 10,
      "maxWidth": 400,
      "padding": 10,
      "position": "relative",
    }
  }
>
  <Connect(CommitsActionMenu) />
  <div
    style={
      Object {
        "color": "#333333",
        "display": "block",
        "flexGrow": 0,
        "fontSize": 18,
        "fontWeight": "bold",
        "marginBottom": 20,
        "marginRight": 30,
        "position": "relative",
      }
    }
  >
    <span
      data-testId="header"
    >
      Commits by 
      time
    </span>
  </div>
  <AutoSizer
    disableHeight={false}
    disableWidth={false}
    onResize={[Function]}
    style={Object {}}
  >
    <Component />
  </AutoSizer>
</div>
`;

exports[`containers/Commits when rendered without props it should match snapshot (it should be showing empty indicator) 1`] = `
<div
  style={
    Object {
      "backgroundColor": "white",
      "border": "1px solid whitesmoke",
      "borderRadius": 3,
      "display": "flex",
      "flexDirection": "column",
      "flexGrow": 1,
      "marginRight": 10,
      "maxWidth": 400,
      "padding": 10,
      "position": "relative",
    }
  }
>
  <Connect(CommitsActionMenu) />
  <div
    style={
      Object {
        "color": "#333333",
        "display": "block",
        "flexGrow": 0,
        "fontSize": 18,
        "fontWeight": "bold",
        "marginBottom": 20,
        "marginRight": 30,
        "position": "relative",
      }
    }
  >
    <span
      data-testId="header"
    >
      Commits by 
      time
    </span>
  </div>
  <AutoSizer
    disableHeight={false}
    disableWidth={false}
    onResize={[Function]}
    style={Object {}}
  >
    <Component />
  </AutoSizer>
</div>
`;
