// Jest Snapshot v1, https://goo.gl/fbAQLP

exports[`containers/Header when rendered without props it should match snapshot (it should be showing empty indicator) 1`] = `
<div
  style={
    Object {
      "backgroundColor": "white",
      "borderRadius": 3,
      "display": "flex",
      "marginRight": 10,
      "padding": 10,
    }
  }
>
  <span
    style={
      Object {
        "color": "#333333",
        "fontSize": 20,
        "fontWeight": "bold",
        "marginBottom": 20,
        "marginRight": 20,
      }
    }
  >
    Git Temporal 
  </span>
  <span
    style={
      Object {
        "color": "#333333",
        "fontSize": 18,
        "fontWeight": "bold",
        "marginBottom": 20,
        "marginRight": 20,
      }
    }
  >
    Stats for 
  </span>
</div>
`;
