// Jest Snapshot v1, https://goo.gl/fbAQLP

exports[`containers/Timeplot when rendered with mock redux store should match snapshot 1`] = `
<body>
  <div>
    <div
      style="overflow: visible; flex: 0 0 120px;"
    >
      <div
        style="background: whitesmoke; border-radius: 3px; color: rgb(51, 51, 51); margin-right: 7px; padding: 7px; display: flex; flex-direction: column; flex: 0 0 120px; min-height: 120px; position: relative; margin-top: 5px; overflow: hidden;"
      >
        <div
          style="display: block; height: 100%; width: 100%; position: relative;"
        >
          <div
            style="position: relative; height: 100%; width: 100%;"
          >
            <div
              style="display: flex; width: 100%; position: relative;"
            >
              <div
                data-testid="outerContainer"
                style="position: relative; height: 100%; width: 100%; overflow-x: scroll;"
              >
                <div
                  data-testid="innerContainer"
                  style="position: relative; display: block;"
                >
                  <div
                    style="height: 100%; width: 100%;"
                  >
                    <div
                      data-testid="timeplotGraph"
                      style="position: relative; height: 100%; width: 100%; overflow: hidden; background: rgb(254, 254, 254); color: rgb(51, 51, 51);"
                    >
                      <div
                        style="position: relative; height: 100%; width: 100%;"
                      >
                        <svg
                          height="120"
                          width="0"
                        >
                          <g
                            class="axis"
                            fill="none"
                            font-family="sans-serif"
                            font-size="10"
                            text-anchor="middle"
                            transform="translate(0, 100)"
                          >
                            <path
                              class="domain"
                              d="M20.5,6V0.5H-19.5V6"
                              stroke="currentColor"
                              style="stroke: #333333;"
                            />
                          </g>
                          <circle
                            cx="-20"
                            cy="38"
                            data-id="94932bedc09976aeac43615d95906aa2dcfefa1f"
                            style="fill: #696969; opacity: 0.2;"
                          />
                          <circle
                            cx="-13.627132231902591"
                            cy="52"
                            data-id="c03bb366e0e901b33acd9783db3003cb49eddf80"
                            style="fill: #696969; opacity: 0.2;"
                          />
                          <circle
                            cx="4.386196753652295"
                            cy="60"
                            data-id="1a66971f9e2f255d6278ade61e70517faf5839db"
                            style="fill: #696969; opacity: 0.2;"
                          />
                          <circle
                            cx="4.635503644658122"
                            cy="36"
                            data-id="5d24a5e88f67ad303e2169795f080009241f9f86"
                            style="fill: #696969; opacity: 0.2;"
                          />
                          <circle
                            cx="12.363685655618129"
                            cy="66"
                            data-id="211694a8a22a4c4b954e729e0d7eb946cf0f8d60"
                            style="fill: #696969; opacity: 0.2;"
                          />
                          <circle
                            cx="13.419230076697955"
                            cy="62.00000000000001"
                            data-id="8a1ee2f7a531d83cb76cc882d1e346c5cdd55f56"
                            style="fill: #696969; opacity: 0.2;"
                          />
                          <circle
                            cx="17.500973741415585"
                            cy="57.99999999999999"
                            data-id="2de57fe15a69a84fadb08ce549599c7de5a9d3b2"
                            style="fill: #696969; opacity: 0.2;"
                          />
                          <circle
                            cx="20"
                            cy="60"
                            data-id="4c0c81953d090dbf122e126f2b6b8c803d4a0569"
                            style="fill: #696969; opacity: 0.2;"
                          />
                        </svg>
                      </div>
                    </div>
                    <div
                      style="position: absolute; height: 120px; width: 10px; opacity: 0.5; z-index: 1; top: 0px; background-color: lightskyblue; left: -40px;"
                    />
                  </div>
                </div>
              </div>
            </div>
            <div
              style="position: absolute; right: 18px; background: transparent; top: 3px; z-index: 1;"
            >
              <label
                style="font-size: 12px; line-height: 1.35; font-weight: normal;"
              >
                <select>
                  <option
                    value="100"
                  >
                    100% zoom
                  </option>
                  <option
                    value="200"
                  >
                    200% zoom
                  </option>
                  <option
                    value="300"
                  >
                    300% zoom
                  </option>
                  <option
                    value="500"
                  >
                    500% zoom
                  </option>
                  <option
                    value="800"
                  >
                    800% zoom
                  </option>
                  <option
                    value="1300"
                  >
                    1300% zoom
                  </option>
                </select>
              </label>
            </div>
          </div>
          <div
            style="font-size: 12px; line-height: 1.35; font-weight: normal; width: 100%; text-align: center; padding-top: 3px; padding-bottom: 3px; position: absolute; top: 7px; text-shadow: 2px 2px #FEFEFE;"
          >
            <span
              style="opacity: 0.8; background-color: rgb(254, 254, 254);"
            >
              Total of 
              <span>
                8
              </span>
              <span>
                 commits by 
              </span>
              <span>
                7
              </span>
              <span>
                 authors spanning 
              </span>
              <span>
                3 months
              </span>
            </span>
          </div>
        </div>
      </div>
    </div>
  </div>
</body>
`;
